<a href="typo3conf/ext/core_extended/Resources/Public/Css/test.css">Test</a>