<p>Dies <a href="http://www.google.de" target="_blank">ist</a> ein <ul> <li>Test <ul> <li>vielleicht</li> </ul> </li> <li>oder</li> <li>auch nicht</li> </ul> </p>